
> vite_react_shadcn_ts@0.0.0 build
> vite build

[36mvite v7.3.1 [32mbuilding client environment for production...[36m[39m
transforming...
node.exe : Browserslist: browsers data (caniuse-lite) is 10 months old. Please 
run:
At line:1 char:1
+ & "C:\Program Files\nodejs/node.exe" "C:\Program Files\nodejs/node_mo ...
+ ~~~~~~~~~~~~~~~~~~~~~~~~~~~~~~~~~~~~~~~~~~~~~~~~~~~~~~~~~~~~~~~~~~~~~
    + CategoryInfo          : NotSpecified: (Browserslist: b...ld. Please run: 
   :String) [], RemoteException
    + FullyQualifiedErrorId : NativeCommandError
 
  npx update-browserslist-db@latest
  Why you should do it regularly: 
https://github.com/browserslist/update-db#readme
[32mΓ£ô[39m 32 modules transformed.
[31mΓ£ù[39m Build failed in 3.56s
[31merror during build:
[31m[vite:esbuild] Transform failed with 1 error:
C:/Users/DELL/Desktop/Stocky-main/src/pages/PublicSalesTargetPage.tsx:335:87: 
ERROR: Expected ")" but found ";"[31m
file: [36mC:/Users/DELL/Desktop/Stocky-main/src/pages/PublicSalesTargetPage.ts
x:335:87[31m
[33m
[33mExpected ")" but found ";"[33m
333 |  
334 |      return filtered;
335 |    }, [allTargets, selectedZone, selectedRegion, filteredRegions, 
regions, currentMonth];
    |                                                                          
               ^
336 |  
337 |    // Calculate summary for filtered targets
[31m
    at failureErrorWithLog 
(C:\Users\DELL\Desktop\Stocky-main\node_modules\esbuild\lib\main.js:1467:15)
    at 
C:\Users\DELL\Desktop\Stocky-main\node_modules\esbuild\lib\main.js:736:50
    at responseCallbacks.<computed> 
(C:\Users\DELL\Desktop\Stocky-main\node_modules\esbuild\lib\main.js:603:9)
    at handleIncomingPacket 
(C:\Users\DELL\Desktop\Stocky-main\node_modules\esbuild\lib\main.js:658:12)
    at Socket.readFromStdout 
(C:\Users\DELL\Desktop\Stocky-main\node_modules\esbuild\lib\main.js:581:7)
    at Socket.emit (node:events:508:20)
    at addChunk (node:internal/streams/readable:564:12)
    at readableAddChunkPushByteMode (node:internal/streams/readable:515:3)
    at Readable.push (node:internal/streams/readable:395:5)
    at Pipe.onStreamRead (node:internal/stream_base_commons:189:23)[39m
